Initialized native services in: /home/z/.gradle/native
Initialized jansi services in: /home/z/.gradle/native
Found daemon DaemonInfo{pid=5775, address=[786ba25f-3bc1-4eb7-a2a6-41f5860b8b6e port:38021, addresses:[/127.0.0.1]], state=Idle, lastBusy=1790702938624, context=DefaultDaemonContext[uid=69f0fd3c-6636-41ae-a0f8-0d3bbb8c085e,javaHome=/home/z/my-project/jdk-extracted/usr/lib/jvm/java-21-openjdk-amd64,javaVersion=21,javaVendor=Debian,daemonRegistryDir=/home/z/.gradle/daemon,pid=5775,idleTimeout=10800000,priority=NORMAL,applyInstrumentationAgent=true,nativeServicesMode=ENABLED,daemonOpts=-Xmx512m,-Dfile.encoding=UTF-8,-Duser.country=US,-Duser.language=en,-Duser.variant]} however its context does not match the desired criteria.
At least one daemon option is different.
Wanted: DaemonRequestContext{jvmCriteria=/home/z/my-project/jdk-extracted/usr/lib/jvm/java-21-openjdk-amd64 (no Daemon JVM specified, using current Java home), daemonOpts=[-XX:MaxMetaspaceSize=384m, -XX:+HeapDumpOnOutOfMemoryError, -Xms256m, -Xmx512m, -Dfile.encoding=UTF-8, -Duser.country=US, -Duser.language=en, -Duser.variant], applyInstrumentationAgent=true, nativeServicesMode=ENABLED, priority=NORMAL}
Actual: DefaultDaemonContext[uid=69f0fd3c-6636-41ae-a0f8-0d3bbb8c085e,javaHome=/home/z/my-project/jdk-extracted/usr/lib/jvm/java-21-openjdk-amd64,javaVersion=21,javaVendor=Debian,daemonRegistryDir=/home/z/.gradle/daemon,pid=5775,idleTimeout=10800000,priority=NORMAL,applyInstrumentationAgent=true,nativeServicesMode=ENABLED,daemonOpts=-Xmx512m,-Dfile.encoding=UTF-8,-Duser.country=US,-Duser.language=en,-Duser.variant]

  Looking for a different daemon...
The client will now receive all logging from the daemon (pid: 13913). The daemon log file: /home/z/.gradle/daemon/9.7.1/daemon-13913.out.log
Starting 6th build in daemon [uptime: 50.101 secs, performance: 96%, GC rate: 0.00/s, heap usage: 0% of 512 MiB, non-heap usage: 37% of 384 MiB]
Using 2 worker leases.
Operational build model parameters: {cachingModelBuilding=false, configurationCache=false, configurationCacheDisabledReason=null, configurationCacheParallelLoad=false, configurationCacheParallelStore=false, configureOnDemand=false, invalidateCoupledProjects=false, isolatedProjects=false, isolatedProjectsDiagnostics=false, isolatedProjectsDangerouslyIgnoreProblems=false, modelAsProjectDependency=false, modelBuilding=false, parallelModelBuilding=false, parallelProjectConfiguration=false, parallelProjectExecution=false, vintage=true}
Not watching /home/z/my-project/CodeIDE/docs/tooling-scenarios/fixtures/06-groovy-dsl.lplC since the file system is not supported
Watching the file system is configured to be enabled if available
File system watching is active
Starting Build
Caching disabled for Groovy DSL script compilation (cp_settings) because:
  Build cache is disabled
  Not worth caching.
Compiling settings file '/home/z/my-project/CodeIDE/docs/tooling-scenarios/fixtures/06-groovy-dsl.lplC/settings.gradle' using SubsetScriptTransformer.
Caching disabled for Groovy DSL script compilation (settings) because:
  Build cache is disabled
  Not worth caching.
Compiling settings file '/home/z/my-project/CodeIDE/docs/tooling-scenarios/fixtures/06-groovy-dsl.lplC/settings.gradle' using BuildScriptTransformer.
Settings evaluated using settings file '/home/z/my-project/CodeIDE/docs/tooling-scenarios/fixtures/06-groovy-dsl.lplC/settings.gradle'.
Projects loaded. Root project using build file '/home/z/my-project/CodeIDE/docs/tooling-scenarios/fixtures/06-groovy-dsl.lplC/build.gradle'.
Included projects: [root project 'groovy-dsl']

> Configure project :
Evaluating root project 'groovy-dsl' using build file '/home/z/my-project/CodeIDE/docs/tooling-scenarios/fixtures/06-groovy-dsl.lplC/build.gradle'.
Caching disabled for Groovy DSL script compilation (cp_proj) because:
  Build cache is disabled
  Not worth caching.
Compiling build file '/home/z/my-project/CodeIDE/docs/tooling-scenarios/fixtures/06-groovy-dsl.lplC/build.gradle' using SubsetScriptTransformer.
Caching disabled for Groovy DSL script compilation (proj) because:
  Build cache is disabled
  Not worth caching.
Compiling build file '/home/z/my-project/CodeIDE/docs/tooling-scenarios/fixtures/06-groovy-dsl.lplC/build.gradle' using BuildScriptTransformer.
All projects evaluated.
Task name matched 'tasks'
Selected primary task 'tasks' from project :
Tasks to be executed: [task ':tasks']
Tasks that were excluded: []
Resolve mutations for :tasks (Thread[#152,included builds,5,main]) started.
:tasks (Thread[#152,included builds,5,main]) started.

> Task :tasks
Caching disabled for task ':tasks' because:
  Build cache is disabled
Task ':tasks' is not up-to-date because:
  Task is untracked because: Uses the whole project state as an input

------------------------------------------------------------
Tasks runnable from root project 'groovy-dsl'
------------------------------------------------------------

Build tasks
-----------
assemble - Assembles the outputs of this project.
build - Assembles and tests this project.
buildDependents - Assembles and tests this project and all projects that depend on it.
buildNeeded - Assembles and tests this project and all projects it depends on.
classes - Assembles main classes.
clean - Deletes the build directory.
jar - Assembles a jar archive containing the classes of the 'main' feature.
testClasses - Assembles test classes.

Build Setup tasks
-----------------
init - Initializes a new Gradle build.
updateDaemonJvm - Generates or updates the Gradle Daemon JVM criteria.
wrapper - Generates Gradle wrapper files.

Documentation tasks
-------------------
javadoc - Generates Javadoc API documentation for the 'main' feature.

Help tasks
----------
artifactTransforms - Displays the Artifact Transforms that can be executed in root project 'groovy-dsl'.
buildEnvironment - Displays all buildscript dependencies declared in root project 'groovy-dsl'.
dependencies - Displays all dependencies declared in root project 'groovy-dsl'.
dependencyInsight - Displays the insight into a specific dependency in root project 'groovy-dsl'.
help - Displays a help message.
javaToolchains - Displays the detected java toolchains.
outgoingVariants - Displays the outgoing variants of root project 'groovy-dsl'.
projects - Displays the sub-projects of root project 'groovy-dsl'.
properties - Displays the properties of root project 'groovy-dsl'.
resolvableConfigurations - Displays the configurations that can be resolved in root project 'groovy-dsl'.
tasks - Displays the tasks runnable from root project 'groovy-dsl'.

Verification tasks
------------------
check - Runs all checks.
test - Runs the test suite.

Rules
-----
Pattern: clean<TaskName>: Cleans the output files of a task.
Pattern: build<ConfigurationName>: Assembles the artifacts of a configuration.

To see all tasks and more detail, run gradle tasks --all

To see more detail about a task, run gradle help --task <task>

BUILD SUCCESSFUL in 2s
1 actionable task: 1 executed
Some of the file system contents retained in the virtual file system are on file systems that Gradle doesn't support watching. The relevant state was discarded to ensure changes to these locations are properly detected. You can override this by explicitly enabling file system watching.
Consider enabling configuration cache to speed up this build: https://docs.gradle.org/9.7.1/userguide/configuration_cache_enabling.html
